
> omen-frontend@0.1.0 typecheck
> tsc --noEmit --project tsconfig.json

src/components/analytics/ActivityChart.tsx(2,92): error TS2307: Cannot find module 'recharts' or its corresponding type declarations.
src/components/analytics/ActivityChart.tsx(3,24): error TS2307: Cannot find module '../../hooks/useSignals' or its corresponding type declarations.
src/components/analytics/PnLChart.tsx(2,111): error TS2307: Cannot find module 'recharts' or its corresponding type declarations.
src/components/analytics/PnLChart.tsx(3,24): error TS2307: Cannot find module '../../hooks/useSignals' or its corresponding type declarations.
src/components/analytics/SignalConfidenceChart.tsx(2,96): error TS2307: Cannot find module 'recharts' or its corresponding type declarations.
src/components/analytics/SignalConfidenceChart.tsx(3,24): error TS2307: Cannot find module '../../hooks/useSignals' or its corresponding type declarations.
src/components/analytics/SignalConfidenceChart.tsx(81,30): error TS7006: Parameter 'value' implicitly has an 'any' type.
src/components/analytics/TokenFrequencyChart.tsx(2,96): error TS2307: Cannot find module 'recharts' or its corresponding type declarations.
src/components/analytics/TokenFrequencyChart.tsx(3,24): error TS2307: Cannot find module '../../hooks/useSignals' or its corresponding type declarations.
src/components/analytics/WinRateChart.tsx(2,75): error TS2307: Cannot find module 'recharts' or its corresponding type declarations.
src/components/analytics/WinRateChart.tsx(3,24): error TS2307: Cannot find module '../../hooks/useSignals' or its corresponding type declarations.
src/components/MindshareChart.tsx(1,77): error TS2307: Cannot find module 'recharts' or its corresponding type declarations.
src/components/MindshareChart.tsx(41,29): error TS7006: Parameter 'value' implicitly has an 'any' type.
